# serializer version: 1
# name: test_verify_report_output_files
  list([
    tuple(
      'reports-token-stats.yaml',
      '''
        ---
        - model_id: model_id
          token_avg:
            input_tokens: 500.0
            cached_input_tokens: 100.0
            output_tokens: 250.0
            duration_ms: 500.0
            n_count: 1.0
          token_sum:
            input_tokens: 500
            cached_input_tokens: 100
            output_tokens: 250
            duration_ms: 500
            n_count: 1
          token_input_cache_ratio: 0.2
        
  
      ''',
    ),
    tuple(
      'reports.yaml',
      '''
        ---
        - model_id: model_id
          good_percent: 37.5%
          confidence_interval: 33.5%
          good: 3
          total: 8
        
  
      ''',
    ),
    tuple(
      'reports-by-task.yaml',
      '''
        ---
        - task_id: task-id
          good_percent: 37.5%
          confidence_interval: 33.5%
          good: 3
          total: 8
        
  
      ''',
    ),
    tuple(
      'report.csv',
      '''
        task_id,model_id,task_name,label,details
        "task-id","model_id","test_verify_report_output_files.py-test_success_1","Good",""
        "task-id","model_id","test_verify_report_output_files.py-test_success_2","Good",""
        "task-id","model_id","test_verify_report_output_files.py-test_fail","Bad","AssertionError: Failed test case,assert False"
        "task-id","model_id","test_verify_report_output_files.py-test_exception_repr","Good",""
        "task-id","model_id","test_verify_report_output_files.py-test_exception_repr","Bad","ValueError: This is a test"
        "task-id","model_id","test_verify_report_output_files.py-test_exception_repr","Bad","TimeoutError: This is a test"
        "task-id","model_id","test_verify_report_output_files.py-test_exception_repr","Bad","TypeError: This is a test"
        "task-id","model_id","test_verify_report_output_files.py-test_exception_repr","Bad","AssertionError: This is a test"
  
      ''',
    ),
  ])
# ---
